2025-10-18 10:14:28,127 - INFO - Ingesting 'begin_inventory.csv' into database...
2025-10-18 10:14:28,145 - INFO - Table 'begin_inventory' already exists. Skipping ingestion.
2025-10-18 10:14:28,904 - INFO - Ingesting 'end_inventory.csv' into database...
2025-10-18 10:14:28,912 - INFO - Table 'end_inventory' already exists. Skipping ingestion.
2025-10-18 10:14:40,884 - INFO - Ingesting 'purchases.csv' into database...
2025-10-18 10:14:40,890 - INFO - Table 'purchases' already exists. Skipping ingestion.
2025-10-18 10:14:41,144 - INFO - Ingesting 'purchase_prices.csv' into database...
2025-10-18 10:14:41,149 - INFO - Table 'purchase_prices' already exists. Skipping ingestion.
2025-10-18 10:15:24,859 - INFO - Ingesting 'sales.csv' into database...
2025-10-18 10:15:24,866 - INFO - Table 'sales' already exists. Skipping ingestion.
2025-10-18 10:15:25,854 - INFO - Ingesting 'vendor_invoice.csv' into database...
2025-10-18 10:15:25,860 - INFO - Table 'vendor_invoice' already exists. Skipping ingestion.
2025-10-18 10:15:25,861 - INFO - ---------Ingestion complete--------------
2025-10-18 10:15:25,861 - INFO - Total time taken: 0.97 minutes
2025-10-18 10:25:08,126 - INFO - Ingesting 'begin_inventory.csv' into database...
2025-10-18 10:25:08,916 - INFO - Ingesting 'end_inventory.csv' into database...
2025-10-18 10:25:20,986 - INFO - Ingesting 'purchases.csv' into database...
2025-10-18 10:25:21,240 - INFO - Ingesting 'purchase_prices.csv' into database...
2025-10-18 10:26:06,570 - INFO - Ingesting 'sales.csv' into database...
2025-10-18 10:26:07,512 - INFO - Ingesting 'vendor_invoice.csv' into database...
2025-10-18 10:26:07,517 - INFO - ---------Ingestion complete--------------
2025-10-18 10:26:07,518 - INFO - Total time taken: 1.00 minutes
